// Jest Snapshot v1, https://goo.gl/fbAQLP

exports[`snapshat 1`] = `
<h1>
  Loading
</h1>
`;
